// Jest Snapshot v1, https://goo.gl/fbAQLP

exports[`<Card /> renders without crashing 1`] = `
<div
  className="Card"
>
  <button
    type="button"
  >
    delete
  </button>
  <h3>
    blahblah
  </h3>
  <p>
    ham
  </p>
</div>
`;
